../Core/Src/main.c:93:13:BME280_Report	16	static
../Core/Src/main.c:99:12:BME280_Detect	32	static
../Core/Src/main.c:126:13:BME280_Init	64	static
../Core/Src/main.c:177:14:BME280_compensate_T_int32	32	static
../Core/Src/main.c:188:14:BME280_compensate_P_int64	328	static
../Core/Src/main.c:209:14:bme280_compensate_H_int32	24	static
../Core/Src/main.c:230:5:main	24	static
../Core/Src/main.c:304:6:SystemClock_Config	96	static
../Core/Src/main.c:354:13:MX_I2C1_Init	8	static
../Core/Src/main.c:402:13:MX_USART2_UART_Init	8	static
../Core/Src/main.c:437:13:MX_GPIO_Init	48	static
../Core/Src/main.c:471:6:Error_Handler	4	static,ignoring_inline_asm
